2026-09-13 17:44:10.576 [main] INFO  com.demo.Docker.DockerApplication - Starting DockerApplication using Java 17.0.7 with PID 23404 (C:\Amit singh\Docker\Docker\target\classes started by Sai in C:\Amit singh\Docker\Docker)
2026-09-13 17:44:10.583 [main] INFO  com.demo.Docker.DockerApplication - No active profile set, falling back to 1 default profile: "default"
2026-09-13 17:44:11.119 [main] INFO  org.springframework.data.repository.config.RepositoryConfigurationDelegate - Bootstrapping Spring Data JPA repositories in DEFAULT mode.
2026-09-13 17:44:11.162 [main] INFO  org.springframework.data.repository.config.RepositoryConfigurationDelegate - Finished Spring Data repository scanning in 35 ms. Found 1 JPA repository interface.
2026-09-13 17:44:11.524 [main] INFO  org.springframework.boot.tomcat.TomcatWebServer - Tomcat initialized with port 9087 (http)
2026-09-13 17:44:11.538 [main] INFO  org.apache.coyote.http11.Http11NioProtocol - Initializing ProtocolHandler ["http-nio-9087"]
2026-09-13 17:44:11.539 [main] INFO  org.apache.catalina.core.StandardService - Starting service [Tomcat]
2026-09-13 17:44:11.539 [main] INFO  org.apache.catalina.core.StandardEngine - Starting Servlet engine: [Apache Tomcat/11.0.20]
2026-09-13 17:44:11.592 [main] INFO  org.springframework.boot.web.context.servlet.WebApplicationContextInitializer - Root WebApplicationContext: initialization completed in 970 ms
2026-09-13 17:44:11.788 [main] INFO  org.hibernate.orm.jpa - HHH008540: Processing PersistenceUnitInfo [name: default]
2026-09-13 17:44:11.848 [main] INFO  org.hibernate.orm.core - HHH000001: Hibernate ORM core version 7.2.7.Final
2026-09-13 17:44:12.290 [main] INFO  org.springframework.orm.jpa.persistenceunit.SpringPersistenceUnitInfo - No LoadTimeWeaver setup: ignoring JPA class transformer
2026-09-13 17:44:12.325 [main] INFO  com.zaxxer.hikari.HikariDataSource - HikariPool-1 - Starting...
2026-09-13 17:44:12.678 [main] INFO  com.zaxxer.hikari.pool.HikariPool - HikariPool-1 - Added connection oracle.jdbc.driver.T4CConnection@2f262474
2026-09-13 17:44:12.680 [main] INFO  com.zaxxer.hikari.HikariDataSource - HikariPool-1 - Start completed.
2026-09-13 17:44:12.923 [main] WARN  org.hibernate.orm.jdbc - HHH100123: Low default JDBC fetch size: 10 (consider setting 'hibernate.jdbc.fetch_size')
2026-09-13 17:44:12.932 [main] INFO  org.hibernate.orm.connections.pooling - HHH10001005: Database info:
	Database JDBC URL [jdbc:oracle:thin:@//localhost:1521/orcl]
	Database driver: Oracle JDBC driver
	Database dialect: OracleDialect
	Database version: 21.3
	Default catalog/schema: undefined/C##MYAPP
	Autocommit mode: undefined/unknown
	Isolation level: READ_COMMITTED [default READ_COMMITTED]
	JDBC fetch size: 10
	Pool: DataSourceConnectionProvider
	Minimum pool size: undefined/unknown
	Maximum pool size: undefined/unknown
2026-09-13 17:44:13.802 [main] INFO  org.hibernate.orm.core - HHH000489: No JTA platform available (set 'hibernate.transaction.jta.platform' to enable JTA platform integration)
2026-09-13 17:44:14.036 [main] INFO  org.springframework.orm.jpa.LocalContainerEntityManagerFactoryBean - Initialized JPA EntityManagerFactory for persistence unit 'default'
2026-09-13 17:44:14.104 [main] INFO  org.springframework.data.jpa.repository.query.QueryEnhancerFactories - Hibernate is in classpath; If applicable, HQL parser will be used.
2026-09-13 17:44:14.327 [main] WARN  org.springframework.boot.jpa.autoconfigure.JpaBaseConfiguration$JpaWebConfiguration - spring.jpa.open-in-view is enabled by default. Therefore, database queries may be performed during view rendering. Explicitly configure spring.jpa.open-in-view to disable this warning
2026-09-13 17:44:14.631 [main] INFO  org.apache.coyote.http11.Http11NioProtocol - Starting ProtocolHandler ["http-nio-9087"]
2026-09-13 17:44:14.653 [main] INFO  org.springframework.boot.tomcat.TomcatWebServer - Tomcat started on port 9087 (http) with context path '/'
2026-09-13 17:44:14.659 [main] INFO  com.demo.Docker.DockerApplication - Started DockerApplication in 4.35 seconds (process running for 5.292)
2026-09-13 18:44:21.497 [HikariPool-1:housekeeper] WARN  com.zaxxer.hikari.pool.HikariPool - HikariPool-1 - Thread starvation or clock leap detected (housekeeper delta=59m37s890ms37µs700ns).
2026-09-13 18:44:26.951 [http-nio-9087-exec-1] INFO  org.apache.catalina.core.ContainerBase.[Tomcat].[localhost].[/] - Initializing Spring DispatcherServlet 'dispatcherServlet'
2026-09-13 18:44:26.955 [http-nio-9087-exec-1] INFO  org.springframework.web.servlet.DispatcherServlet - Initializing Servlet 'dispatcherServlet'
2026-09-13 18:44:26.998 [http-nio-9087-exec-1] INFO  org.springframework.web.servlet.DispatcherServlet - Completed initialization in 43 ms
2026-09-13 18:44:27.899 [http-nio-9087-exec-1] INFO  com.demo.Docker.controller.DockerController - Optional[ClientCodeDtls(id=com.demo.Docker.model.ClientIdentity@161f9785, ccdMobile=9372346960, ccdPan=KHSPS8247D, ccdEmail=virsingh937234@gmail.com, ccdOptForUpi=NA, ccdGender=null, ccdMarital=S, ccdFatherName=Omprakash singh, ccdCategory=1, ccdClientType=CLIENT, ccdClientStatus=A, ccddob=null, ccdCountry=INDIA, ccdPriDepo=null, ccdDepoName=NSDL, ccdDepoId=null, ccdBenfAcc=null, ccdDepoName2=null, ccdDepoId2=null, ccdBenfAcc2=null, ccdDepoName3=null, ccdDepoId3=null, ccdBenfAcc3=null, ccdDepoName4=null, ccdDepoId4=null, ccdBenfAcc4=null, ccdDepoName5=null, ccdDepoId5=null, ccdBenfAcc5=null, ccdPribnk=null, ccdBankName=null, ccdBankIfsc=null, ccdBnkAcc=null, ccdBankName2=null, ccdBankIfsc2=null, ccdBnkAcc2=null, ccdBankName3=null, ccdBankIfsc3=null, ccdBnkAcc3=null, ccdBankName4=null, ccdBankIfsc4=null, ccdBnkAcc4=null, ccdBankName5=null, ccdBankIfsc5=null, ccdBnkAcc5=null, ccdupdBy=API, createdDate=null, updatedDate=null, ccdNameDesc=null, ccdNomFlag=null, ccdNetWorth=null, ccdPep=null, ccdPoi=69, ccdOccupation=null, ccdCin=null, ccdRelationship=null, ccdFacilityType=null, ccdProofType=null, ccdProofNo=null)]
2026-09-13 18:58:12.527 [main] INFO  com.demo.Docker.DockerApplication - Starting DockerApplication using Java 17.0.7 with PID 25808 (C:\Amit singh\Docker\Docker\target\classes started by Sai in C:\Amit singh\Docker\Docker)
2026-09-13 18:58:12.537 [main] INFO  com.demo.Docker.DockerApplication - No active profile set, falling back to 1 default profile: "default"
2026-09-13 18:58:13.222 [main] INFO  org.springframework.data.repository.config.RepositoryConfigurationDelegate - Bootstrapping Spring Data JPA repositories in DEFAULT mode.
2026-09-13 18:58:13.272 [main] INFO  org.springframework.data.repository.config.RepositoryConfigurationDelegate - Finished Spring Data repository scanning in 41 ms. Found 1 JPA repository interface.
2026-09-13 18:58:13.650 [main] INFO  org.springframework.boot.tomcat.TomcatWebServer - Tomcat initialized with port 9087 (http)
2026-09-13 18:58:13.665 [main] INFO  org.apache.coyote.http11.Http11NioProtocol - Initializing ProtocolHandler ["http-nio-9087"]
2026-09-13 18:58:13.666 [main] INFO  org.apache.catalina.core.StandardService - Starting service [Tomcat]
2026-09-13 18:58:13.667 [main] INFO  org.apache.catalina.core.StandardEngine - Starting Servlet engine: [Apache Tomcat/11.0.20]
2026-09-13 18:58:13.724 [main] INFO  org.springframework.boot.web.context.servlet.WebApplicationContextInitializer - Root WebApplicationContext: initialization completed in 1131 ms
2026-09-13 18:58:13.952 [main] INFO  org.hibernate.orm.jpa - HHH008540: Processing PersistenceUnitInfo [name: default]
2026-09-13 18:58:14.017 [main] INFO  org.hibernate.orm.core - HHH000001: Hibernate ORM core version 7.2.7.Final
2026-09-13 18:58:14.517 [main] INFO  org.springframework.orm.jpa.persistenceunit.SpringPersistenceUnitInfo - No LoadTimeWeaver setup: ignoring JPA class transformer
2026-09-13 18:58:14.559 [main] INFO  com.zaxxer.hikari.HikariDataSource - HikariPool-1 - Starting...
2026-09-13 18:58:15.676 [RMI TCP Connection(19)-127.0.0.1] INFO  org.springframework.boot.admin.SpringApplicationAdminMXBeanRegistrar$SpringApplicationAdmin - Application shutdown requested.
2026-09-13 18:58:15.832 [RMI TCP Connection(20)-127.0.0.1] INFO  org.springframework.boot.admin.SpringApplicationAdminMXBeanRegistrar$SpringApplicationAdmin - Application shutdown requested.
2026-09-13 18:58:16.043 [main] INFO  com.zaxxer.hikari.pool.HikariPool - HikariPool-1 - Added connection oracle.jdbc.driver.T4CConnection@4aa517c3
2026-09-13 18:58:16.044 [main] INFO  com.zaxxer.hikari.HikariDataSource - HikariPool-1 - Start completed.
2026-09-13 18:58:16.070 [RMI TCP Connection(19)-127.0.0.1] INFO  org.springframework.boot.tomcat.GracefulShutdown - Commencing graceful shutdown. Waiting for active requests to complete
2026-09-13 18:58:16.092 [tomcat-shutdown] INFO  org.apache.coyote.http11.Http11NioProtocol - Pausing ProtocolHandler ["http-nio-9087"]
2026-09-13 18:58:16.425 [main] WARN  org.hibernate.orm.jdbc - HHH100123: Low default JDBC fetch size: 10 (consider setting 'hibernate.jdbc.fetch_size')
2026-09-13 18:58:16.434 [main] INFO  org.hibernate.orm.connections.pooling - HHH10001005: Database info:
	Database JDBC URL [jdbc:oracle:thin:@//localhost:1521/orcl]
	Database driver: Oracle JDBC driver
	Database dialect: OracleDialect
	Database version: 21.3
	Default catalog/schema: undefined/C##MYAPP
	Autocommit mode: undefined/unknown
	Isolation level: READ_COMMITTED [default READ_COMMITTED]
	JDBC fetch size: 10
	Pool: DataSourceConnectionProvider
	Minimum pool size: undefined/unknown
	Maximum pool size: undefined/unknown
2026-09-13 18:58:16.572 [tomcat-shutdown] INFO  org.springframework.boot.tomcat.GracefulShutdown - Graceful shutdown complete
2026-09-13 18:58:16.583 [RMI TCP Connection(19)-127.0.0.1] INFO  org.apache.coyote.http11.Http11NioProtocol - Stopping ProtocolHandler ["http-nio-9087"]
2026-09-13 18:58:16.641 [RMI TCP Connection(19)-127.0.0.1] INFO  org.springframework.orm.jpa.LocalContainerEntityManagerFactoryBean - Closing JPA EntityManagerFactory for persistence unit 'default'
2026-09-13 18:58:16.792 [RMI TCP Connection(19)-127.0.0.1] INFO  com.zaxxer.hikari.HikariDataSource - HikariPool-1 - Shutdown initiated...
2026-09-13 18:58:17.009 [RMI TCP Connection(19)-127.0.0.1] INFO  com.zaxxer.hikari.HikariDataSource - HikariPool-1 - Shutdown completed.
2026-09-13 18:58:17.560 [main] INFO  org.hibernate.orm.core - HHH000489: No JTA platform available (set 'hibernate.transaction.jta.platform' to enable JTA platform integration)
2026-09-13 18:58:27.862 [main] INFO  com.demo.Docker.DockerApplication - Starting DockerApplication using Java 17.0.7 with PID 17748 (C:\Amit singh\Docker\Docker\target\classes started by Sai in C:\Amit singh\Docker\Docker)
2026-09-13 18:58:27.875 [main] INFO  com.demo.Docker.DockerApplication - No active profile set, falling back to 1 default profile: "default"
2026-09-13 18:58:28.374 [main] INFO  org.springframework.data.repository.config.RepositoryConfigurationDelegate - Bootstrapping Spring Data JPA repositories in DEFAULT mode.
2026-09-13 18:58:28.418 [main] INFO  org.springframework.data.repository.config.RepositoryConfigurationDelegate - Finished Spring Data repository scanning in 35 ms. Found 1 JPA repository interface.
2026-09-13 18:58:28.753 [main] INFO  org.springframework.boot.tomcat.TomcatWebServer - Tomcat initialized with port 9087 (http)
2026-09-13 18:58:28.763 [main] INFO  org.apache.coyote.http11.Http11NioProtocol - Initializing ProtocolHandler ["http-nio-9087"]
2026-09-13 18:58:28.765 [main] INFO  org.apache.catalina.core.StandardService - Starting service [Tomcat]
2026-09-13 18:58:28.766 [main] INFO  org.apache.catalina.core.StandardEngine - Starting Servlet engine: [Apache Tomcat/11.0.20]
2026-09-13 18:58:28.817 [main] INFO  org.springframework.boot.web.context.servlet.WebApplicationContextInitializer - Root WebApplicationContext: initialization completed in 902 ms
2026-09-13 18:58:29.002 [main] INFO  org.hibernate.orm.jpa - HHH008540: Processing PersistenceUnitInfo [name: default]
2026-09-13 18:58:29.047 [main] INFO  org.hibernate.orm.core - HHH000001: Hibernate ORM core version 7.2.7.Final
2026-09-13 18:58:29.450 [main] INFO  org.springframework.orm.jpa.persistenceunit.SpringPersistenceUnitInfo - No LoadTimeWeaver setup: ignoring JPA class transformer
2026-09-13 18:58:29.480 [main] INFO  com.zaxxer.hikari.HikariDataSource - HikariPool-1 - Starting...
2026-09-13 18:58:29.763 [main] INFO  com.zaxxer.hikari.pool.HikariPool - HikariPool-1 - Added connection oracle.jdbc.driver.T4CConnection@4aa517c3
2026-09-13 18:58:29.764 [main] INFO  com.zaxxer.hikari.HikariDataSource - HikariPool-1 - Start completed.
2026-09-13 18:58:29.988 [main] WARN  org.hibernate.orm.jdbc - HHH100123: Low default JDBC fetch size: 10 (consider setting 'hibernate.jdbc.fetch_size')
2026-09-13 18:58:29.996 [main] INFO  org.hibernate.orm.connections.pooling - HHH10001005: Database info:
	Database JDBC URL [jdbc:oracle:thin:@//localhost:1521/orcl]
	Database driver: Oracle JDBC driver
	Database dialect: OracleDialect
	Database version: 21.3
	Default catalog/schema: undefined/C##MYAPP
	Autocommit mode: undefined/unknown
	Isolation level: READ_COMMITTED [default READ_COMMITTED]
	JDBC fetch size: 10
	Pool: DataSourceConnectionProvider
	Minimum pool size: undefined/unknown
	Maximum pool size: undefined/unknown
2026-09-13 18:58:30.789 [main] INFO  org.hibernate.orm.core - HHH000489: No JTA platform available (set 'hibernate.transaction.jta.platform' to enable JTA platform integration)
2026-09-13 18:58:31.247 [main] INFO  org.springframework.orm.jpa.LocalContainerEntityManagerFactoryBean - Initialized JPA EntityManagerFactory for persistence unit 'default'
2026-09-13 18:58:31.388 [main] INFO  org.springframework.data.jpa.repository.query.QueryEnhancerFactories - Hibernate is in classpath; If applicable, HQL parser will be used.
2026-09-13 18:58:31.676 [main] WARN  org.springframework.boot.jpa.autoconfigure.JpaBaseConfiguration$JpaWebConfiguration - spring.jpa.open-in-view is enabled by default. Therefore, database queries may be performed during view rendering. Explicitly configure spring.jpa.open-in-view to disable this warning
2026-09-13 18:58:32.048 [main] INFO  org.apache.coyote.http11.Http11NioProtocol - Starting ProtocolHandler ["http-nio-9087"]
2026-09-13 18:58:32.081 [main] INFO  org.springframework.boot.tomcat.TomcatWebServer - Tomcat started on port 9087 (http) with context path '/'
2026-09-13 18:58:32.094 [main] INFO  com.demo.Docker.DockerApplication - Started DockerApplication in 4.503 seconds (process running for 5.463)
2026-09-13 18:58:39.094 [RMI TCP Connection(2)-127.0.0.1] INFO  org.springframework.boot.admin.SpringApplicationAdminMXBeanRegistrar$SpringApplicationAdmin - Application shutdown requested.
2026-09-13 18:58:39.100 [RMI TCP Connection(2)-127.0.0.1] INFO  org.springframework.boot.tomcat.GracefulShutdown - Commencing graceful shutdown. Waiting for active requests to complete
2026-09-13 18:58:39.101 [tomcat-shutdown] INFO  org.apache.coyote.http11.Http11NioProtocol - Pausing ProtocolHandler ["http-nio-9087"]
2026-09-13 18:58:39.336 [tomcat-shutdown] INFO  org.springframework.boot.tomcat.GracefulShutdown - Graceful shutdown complete
2026-09-13 18:58:39.336 [RMI TCP Connection(2)-127.0.0.1] INFO  org.apache.coyote.http11.Http11NioProtocol - Stopping ProtocolHandler ["http-nio-9087"]
2026-09-13 18:58:39.340 [RMI TCP Connection(2)-127.0.0.1] INFO  org.springframework.orm.jpa.LocalContainerEntityManagerFactoryBean - Closing JPA EntityManagerFactory for persistence unit 'default'
2026-09-13 18:58:39.342 [RMI TCP Connection(2)-127.0.0.1] INFO  com.zaxxer.hikari.HikariDataSource - HikariPool-1 - Shutdown initiated...
2026-09-13 18:58:39.358 [RMI TCP Connection(2)-127.0.0.1] INFO  com.zaxxer.hikari.HikariDataSource - HikariPool-1 - Shutdown completed.
2026-09-13 18:59:06.003 [main] INFO  org.springframework.test.context.support.AnnotationConfigContextLoaderUtils - Could not detect default configuration classes for test class [com.demo.Docker.DockerApplicationTests]: DockerApplicationTests does not declare any static, non-private, non-final, nested classes annotated with @Configuration.
2026-09-13 18:59:06.136 [main] INFO  org.springframework.boot.test.context.SpringBootTestContextBootstrapper - Found @SpringBootConfiguration com.demo.Docker.DockerApplication for test class com.demo.Docker.DockerApplicationTests
2026-09-13 18:59:06.272 [main] INFO  org.springframework.test.context.support.AnnotationConfigContextLoaderUtils - Could not detect default configuration classes for test class [com.demo.Docker.DockerApplicationTests]: DockerApplicationTests does not declare any static, non-private, non-final, nested classes annotated with @Configuration.
2026-09-13 18:59:06.277 [main] INFO  org.springframework.boot.test.context.SpringBootTestContextBootstrapper - Found @SpringBootConfiguration com.demo.Docker.DockerApplication for test class com.demo.Docker.DockerApplicationTests
2026-09-13 18:59:06.728 [main] INFO  com.demo.Docker.DockerApplicationTests - Starting DockerApplicationTests using Java 17.0.7 with PID 22568 (started by Sai in C:\Amit singh\Docker\Docker)
2026-09-13 18:59:06.734 [main] INFO  com.demo.Docker.DockerApplicationTests - No active profile set, falling back to 1 default profile: "default"
2026-09-13 18:59:07.581 [main] INFO  org.springframework.data.repository.config.RepositoryConfigurationDelegate - Bootstrapping Spring Data JPA repositories in DEFAULT mode.
2026-09-13 18:59:07.646 [main] INFO  org.springframework.data.repository.config.RepositoryConfigurationDelegate - Finished Spring Data repository scanning in 52 ms. Found 1 JPA repository interface.
2026-09-13 18:59:08.382 [main] INFO  org.hibernate.orm.jpa - HHH008540: Processing PersistenceUnitInfo [name: default]
2026-09-13 18:59:08.476 [main] INFO  org.hibernate.orm.core - HHH000001: Hibernate ORM core version 7.2.7.Final
2026-09-13 18:59:09.286 [main] INFO  org.springframework.orm.jpa.persistenceunit.SpringPersistenceUnitInfo - No LoadTimeWeaver setup: ignoring JPA class transformer
2026-09-13 18:59:09.326 [main] INFO  com.zaxxer.hikari.HikariDataSource - HikariPool-1 - Starting...
2026-09-13 18:59:09.865 [main] INFO  com.zaxxer.hikari.pool.HikariPool - HikariPool-1 - Added connection oracle.jdbc.driver.T4CConnection@594c66c3
2026-09-13 18:59:09.866 [main] INFO  com.zaxxer.hikari.HikariDataSource - HikariPool-1 - Start completed.
2026-09-13 18:59:10.260 [main] WARN  org.hibernate.orm.jdbc - HHH100123: Low default JDBC fetch size: 10 (consider setting 'hibernate.jdbc.fetch_size')
2026-09-13 18:59:10.269 [main] INFO  org.hibernate.orm.connections.pooling - HHH10001005: Database info:
	Database JDBC URL [jdbc:oracle:thin:@//localhost:1521/orcl]
	Database driver: Oracle JDBC driver
	Database dialect: OracleDialect
	Database version: 21.3
	Default catalog/schema: undefined/C##MYAPP
	Autocommit mode: undefined/unknown
	Isolation level: READ_COMMITTED [default READ_COMMITTED]
	JDBC fetch size: 10
	Pool: DataSourceConnectionProvider
	Minimum pool size: undefined/unknown
	Maximum pool size: undefined/unknown
2026-09-13 18:59:11.406 [main] INFO  org.hibernate.orm.core - HHH000489: No JTA platform available (set 'hibernate.transaction.jta.platform' to enable JTA platform integration)
2026-09-13 18:59:11.599 [main] INFO  org.springframework.orm.jpa.LocalContainerEntityManagerFactoryBean - Initialized JPA EntityManagerFactory for persistence unit 'default'
2026-09-13 18:59:11.686 [main] INFO  org.springframework.data.jpa.repository.query.QueryEnhancerFactories - Hibernate is in classpath; If applicable, HQL parser will be used.
2026-09-13 18:59:12.012 [main] WARN  org.springframework.boot.jpa.autoconfigure.JpaBaseConfiguration$JpaWebConfiguration - spring.jpa.open-in-view is enabled by default. Therefore, database queries may be performed during view rendering. Explicitly configure spring.jpa.open-in-view to disable this warning
2026-09-13 18:59:12.556 [main] INFO  com.demo.Docker.DockerApplicationTests - Started DockerApplicationTests in 6.166 seconds (process running for 7.937)
2026-09-13 18:59:13.254 [SpringApplicationShutdownHook] INFO  org.springframework.orm.jpa.LocalContainerEntityManagerFactoryBean - Closing JPA EntityManagerFactory for persistence unit 'default'
2026-09-13 18:59:13.256 [SpringApplicationShutdownHook] INFO  com.zaxxer.hikari.HikariDataSource - HikariPool-1 - Shutdown initiated...
2026-09-13 18:59:13.278 [SpringApplicationShutdownHook] INFO  com.zaxxer.hikari.HikariDataSource - HikariPool-1 - Shutdown completed.
